// Jest Snapshot v1, https://goo.gl/fbAQLP

exports[`has various election definitions 1`] = `[]`;
